// Jest Snapshot v1, https://goo.gl/fbAQLP

exports[`TodoStatesDropdown Component matches snapshot 1`] = `ShallowWrapper {}`;
